// Jest Snapshot v1, https://goo.gl/fbAQLP

exports[`DetailScreen should match to snapshot 1`] = `
<View
  style={
    Object {
      "backgroundColor": "#fff",
      "flex": 1,
      "padding": 10,
    }
  }
>
  <RCTScrollView
    testID="scroll-view"
  >
    <View />
  </RCTScrollView>
</View>
`;
