// Jest Snapshot v1, https://goo.gl/fbAQLP

exports[`TripItem Rendering should match to snapshot 1`] = `
<View
  accessible={true}
  focusable={true}
  onClick={[Function]}
  onResponderGrant={[Function]}
  onResponderMove={[Function]}
  onResponderRelease={[Function]}
  onResponderTerminate={[Function]}
  onResponderTerminationRequest={[Function]}
  onStartShouldSetResponder={[Function]}
  style={
    Object {
      "alignItems": "center",
      "backgroundColor": "#fff",
      "borderColor": "#51bd8a",
      "borderRadius": 10,
      "borderWidth": 1,
      "justifyContent": "center",
      "marginHorizontal": 10,
      "marginTop": 10,
      "opacity": 1,
      "paddingHorizontal": 10,
      "paddingVertical": 20,
    }
  }
>
  <Text
    style={
      Object {
        "color": "#51bd8a",
        "fontSize": 19,
        "fontWeight": "bold",
      }
    }
  >
    TRIP
    : 
    0
  </Text>
</View>
`;
